2026-09-09 23:01:50,077 INFO o.a.j.u.JMeterUtils: Setting Locale to en_EN
2026-09-09 23:01:50,108 INFO o.a.j.JMeter: Loading user properties from: D:\jmeter\apache-jmeter-5.6.3\apache-jmeter-5.6.3\bin\user.properties
2026-09-09 23:01:50,109 INFO o.a.j.JMeter: Loading system properties from: D:\jmeter\apache-jmeter-5.6.3\apache-jmeter-5.6.3\bin\system.properties
2026-09-09 23:01:50,109 INFO o.a.j.JMeter: Setting JMeter property: threads=20
2026-09-09 23:01:50,109 INFO o.a.j.JMeter: Setting JMeter property: loops=100
2026-09-09 23:01:50,109 INFO o.a.j.JMeter: Setting JMeter property: target=/article/list
2026-09-09 23:01:50,119 INFO o.a.j.JMeter: Copyright (c) 1998-2024 The Apache Software Foundation
2026-09-09 23:01:50,121 INFO o.a.j.JMeter: Version 5.6.3
2026-09-09 23:01:50,121 INFO o.a.j.JMeter: java.version=17.0.20.1
2026-09-09 23:01:50,121 INFO o.a.j.JMeter: java.vm.name=OpenJDK 64-Bit Server VM
2026-09-09 23:01:50,121 INFO o.a.j.JMeter: os.name=Windows 11
2026-09-09 23:01:50,121 INFO o.a.j.JMeter: os.arch=amd64
2026-09-09 23:01:50,121 INFO o.a.j.JMeter: os.version=10.0
2026-09-09 23:01:50,121 INFO o.a.j.JMeter: file.encoding=GBK
2026-09-09 23:01:50,121 INFO o.a.j.JMeter: java.awt.headless=true
2026-09-09 23:01:50,121 INFO o.a.j.JMeter: Max memory     =1073741824
2026-09-09 23:01:50,122 INFO o.a.j.JMeter: Available Processors =12
2026-09-09 23:01:50,136 INFO o.a.j.JMeter: Default Locale=English (EN)
2026-09-09 23:01:50,136 INFO o.a.j.JMeter: JMeter  Locale=English (EN)
2026-09-09 23:01:50,137 INFO o.a.j.JMeter: JMeterHome=D:\jmeter\apache-jmeter-5.6.3\apache-jmeter-5.6.3
2026-09-09 23:01:50,137 INFO o.a.j.JMeter: user.dir  =C:\Users\Lenovo\Desktop\JScreator\Backend\jmeter
2026-09-09 23:01:50,138 INFO o.a.j.JMeter: PWD       =C:\Users\Lenovo\Desktop\JScreator\Backend\jmeter
2026-09-09 23:01:50,141 INFO o.a.j.JMeter: IP: 100.64.68.100 Name: LAPTOP-25F0HB0O FullName: LAPTOP-25F0HB0O
2026-09-09 23:01:50,169 INFO o.a.j.s.FileServer: Default base='C:\Users\Lenovo\Desktop\JScreator\Backend\jmeter'
2026-09-09 23:01:50,172 INFO o.a.j.s.FileServer: Set new base='C:\Users\Lenovo\Desktop\JScreator\Backend\jmeter'
2026-09-09 23:01:50,515 INFO o.a.j.s.SaveService: Testplan (JMX) version: 2.2. Testlog (JTL) version: 2.2
2026-09-09 23:01:50,557 INFO o.a.j.s.SaveService: Using SaveService properties version 5.0
2026-09-09 23:01:50,563 INFO o.a.j.s.SaveService: Using SaveService properties file encoding UTF-8
2026-09-09 23:01:50,570 INFO o.a.j.s.SaveService: Loading file: single-endpoint.jmx
2026-09-09 23:01:50,673 INFO o.a.j.p.h.s.HTTPSamplerBase: Parser for text/html is org.apache.jmeter.protocol.http.parser.LagartoBasedHtmlParser
2026-09-09 23:01:50,673 INFO o.a.j.p.h.s.HTTPSamplerBase: Parser for application/xhtml+xml is org.apache.jmeter.protocol.http.parser.LagartoBasedHtmlParser
2026-09-09 23:01:50,673 INFO o.a.j.p.h.s.HTTPSamplerBase: Parser for application/xml is org.apache.jmeter.protocol.http.parser.LagartoBasedHtmlParser
2026-09-09 23:01:50,673 INFO o.a.j.p.h.s.HTTPSamplerBase: Parser for text/xml is org.apache.jmeter.protocol.http.parser.LagartoBasedHtmlParser
2026-09-09 23:01:50,673 INFO o.a.j.p.h.s.HTTPSamplerBase: Parser for text/vnd.wap.wml is org.apache.jmeter.protocol.http.parser.RegexpHTMLParser
2026-09-09 23:01:50,673 INFO o.a.j.p.h.s.HTTPSamplerBase: Parser for text/css is org.apache.jmeter.protocol.http.parser.CssParser
2026-09-09 23:01:50,745 INFO o.a.j.u.NameUpdater: Upgrading class org.apache.jmeter.visualizers.SplineVisualizer to org.apache.jmeter.config.gui.ObsoleteGui
2026-09-09 23:01:50,762 INFO o.a.j.JMeter: Creating summariser <summary>
2026-09-09 23:01:50,781 INFO o.a.j.e.StandardJMeterEngine: Running the test!
2026-09-09 23:01:50,783 INFO o.a.j.s.SampleEvent: List of sample_variables: []
2026-09-09 23:01:50,783 INFO o.a.j.s.SampleEvent: List of sample_variables: []
2026-09-09 23:01:50,792 INFO o.a.j.e.u.CompoundVariable: Note: Function class names must contain the string: '.functions.'
2026-09-09 23:01:50,793 INFO o.a.j.e.u.CompoundVariable: Note: Function class names must not contain the string: '.gui.'
2026-09-09 23:01:51,176 INFO o.a.j.r.ResultCollector: Folder at C:\Users\Lenovo\Desktop\JScreator\Backend\jmeter\results was created
2026-09-09 23:01:51,186 INFO o.a.j.JMeter: Running test (1788966111186)
2026-09-09 23:01:51,187 INFO o.a.j.e.StandardJMeterEngine: Starting setUp thread groups
2026-09-09 23:01:51,188 INFO o.a.j.e.StandardJMeterEngine: Starting setUp ThreadGroup: 1 : ? 登录获取 Token（setUp） 
2026-09-09 23:01:51,188 INFO o.a.j.e.StandardJMeterEngine: Starting 1 threads for group ? 登录获取 Token（setUp）.
2026-09-09 23:01:51,189 INFO o.a.j.e.StandardJMeterEngine: Test will stop on error
2026-09-09 23:01:51,189 INFO o.a.j.t.ThreadGroup: Starting thread group... number=1 threads=1 ramp-up=1 delayedStart=false
2026-09-09 23:01:51,194 INFO o.a.j.t.ThreadGroup: Started thread group number 1
2026-09-09 23:01:51,196 INFO o.a.j.e.StandardJMeterEngine: Waiting for all setup thread groups to exit
2026-09-09 23:01:51,197 INFO o.a.j.t.JMeterThread: Thread started: ? 登录获取 Token（setUp） 1-1
2026-09-09 23:01:51,216 INFO o.a.j.p.h.s.HTTPHCAbstractImpl: Local host = LAPTOP-25F0HB0O
2026-09-09 23:01:51,226 INFO o.a.j.p.h.s.HTTPHC4Impl: HTTP request retry count = 0
2026-09-09 23:01:51,227 INFO o.a.j.s.SampleResult: Note: Sample TimeStamps are START times
2026-09-09 23:01:51,228 INFO o.a.j.s.SampleResult: sampleresult.default.encoding is set to UTF-8
2026-09-09 23:01:51,228 INFO o.a.j.s.SampleResult: sampleresult.useNanoTime=true
2026-09-09 23:01:51,228 INFO o.a.j.s.SampleResult: sampleresult.nanoThreadSleep=5000
2026-09-09 23:01:52,481 ERROR o.a.j.e.JSR223PostProcessor: Problem in JSR223 script, ? 存入全局属性
javax.script.ScriptException: java.lang.StringIndexOutOfBoundsException: begin 0, end 20, length 0
	at org.codehaus.groovy.jsr223.GroovyScriptEngineImpl.eval(GroovyScriptEngineImpl.java:320) ~[groovy-jsr223-3.0.20.jar:3.0.20]
	at org.codehaus.groovy.jsr223.GroovyCompiledScript.eval(GroovyCompiledScript.java:71) ~[groovy-jsr223-3.0.20.jar:3.0.20]
	at java.scripting/javax.script.CompiledScript.eval(CompiledScript.java:93) ~[java.scripting:?]
	at org.apache.jmeter.util.JSR223TestElement.processFileOrScript(JSR223TestElement.java:230) ~[ApacheJMeter_core.jar:5.6.3]
	at org.apache.jmeter.extractor.JSR223PostProcessor.process(JSR223PostProcessor.java:45) [ApacheJMeter_components.jar:5.6.3]
	at org.apache.jmeter.threads.JMeterThread.runPostProcessors(JMeterThread.java:973) [ApacheJMeter_core.jar:5.6.3]
	at org.apache.jmeter.threads.JMeterThread.executeSamplePackage(JMeterThread.java:585) [ApacheJMeter_core.jar:5.6.3]
	at org.apache.jmeter.threads.JMeterThread.processSampler(JMeterThread.java:501) [ApacheJMeter_core.jar:5.6.3]
	at org.apache.jmeter.threads.JMeterThread.run(JMeterThread.java:268) [ApacheJMeter_core.jar:5.6.3]
	at java.base/java.lang.Thread.run(Thread.java:840) [?:?]
Caused by: java.lang.StringIndexOutOfBoundsException: begin 0, end 20, length 0
	at java.base/java.lang.String.checkBoundsBeginEnd(String.java:4606) ~[?:?]
	at java.base/java.lang.String.substring(String.java:2709) ~[?:?]
	at java_lang_String$substring.call(Unknown Source) ~[?:?]
	at org.codehaus.groovy.runtime.callsite.CallSiteArray.defaultCall(CallSiteArray.java:47) ~[groovy-3.0.20.jar:3.0.20]
	at org.codehaus.groovy.runtime.callsite.AbstractCallSite.call(AbstractCallSite.java:125) ~[groovy-3.0.20.jar:3.0.20]
	at org.codehaus.groovy.runtime.callsite.AbstractCallSite.call(AbstractCallSite.java:148) ~[groovy-3.0.20.jar:3.0.20]
	at org.codehaus.groovy.runtime.callsite.AbstractCallSite.callSafe(AbstractCallSite.java:104) ~[groovy-3.0.20.jar:3.0.20]
	at Script1.run(Script1.groovy:2) ~[?:?]
	at org.codehaus.groovy.jsr223.GroovyScriptEngineImpl.eval(GroovyScriptEngineImpl.java:317) ~[groovy-jsr223-3.0.20.jar:3.0.20]
	... 9 more
2026-09-09 23:01:52,560 INFO o.a.j.t.JMeterThread: Shutdown Test detected by thread: ? 登录获取 Token（setUp） 1-1
2026-09-09 23:01:52,561 INFO o.a.j.t.JMeterThread: Thread is done: ? 登录获取 Token（setUp） 1-1
2026-09-09 23:01:52,561 INFO o.a.j.t.JMeterThread: Thread finished: ? 登录获取 Token（setUp） 1-1
2026-09-09 23:01:52,562 INFO o.a.j.t.JMeterThread: Stopping: ? 登录获取 Token（setUp） 1-1
2026-09-09 23:01:52,562 INFO o.a.j.e.StandardJMeterEngine: All Setup Threads have ended
2026-09-09 23:01:52,588 INFO o.a.j.e.StandardJMeterEngine: No enabled thread groups found
2026-09-09 23:01:52,588 INFO o.a.j.e.StandardJMeterEngine: Notifying test listeners of end of test
2026-09-09 23:01:52,594 INFO o.a.j.r.Summariser: summary =      1 in 00:00:01 =    0.7/s Avg:    46 Min:    46 Max:    46 Err:     1 (100.00%)
